Error: options.uri is a required argument
Error: Invalid URI "/"
Error: Invalid URI "t"
Error: Invalid URI "t"
Error: Invalid URI "t"
Error: Invalid URI "t"
Error: Invalid URI "t"
Error: Exceeded maxRedirects. Probably stuck in a redirect loop http://www.nytimes.com/2015/12/30/business/economy/for-the-wealthiest-private-tax-system-saves-them-billions.html?_r=4
Error: Can't divide by zero
Error: Can't divide by zero
Error: Can't divide by zero
Error: Can't divide by zero
Error: Can't divide by zero
Error: Can't divide by zero
